EN add1bit_muser_add4bits NULL /home/l2/deplechin/Documents/Archi_tp/TP3_additionneurs/add4bits.vhf sub00/vhpl16 1443599969
AR add1bit_muser_add4bits behavioral /home/l2/deplechin/Documents/Archi_tp/TP3_additionneurs/add4bits.vhf sub00/vhpl17 1443599970
AR add1bit_muser_toplevel behavioral /home/l2/deplechin/Documents/Archi_tp/TP3_additionneurs/toplevel.vhf sub00/vhpl07 1443599962
EN obuf8_mxilinx_toplevel NULL /home/l2/deplechin/Documents/Archi_tp/TP3_additionneurs/toplevel.vhf sub00/vhpl22 1443599957
AR half_add_muser_add1bit behavioral /home/l2/deplechin/Documents/Archi_tp/TP3_additionneurs/add1bit.vhf sub00/vhpl09 1443599974
EN x7seg NULL /home/l2/deplechin/Documents/Archi_tp/TP3_additionneurs/x7seg.vhd sub00/vhpl20 1443599955
EN half_add_muser_toplevel NULL /home/l2/deplechin/Documents/Archi_tp/TP3_additionneurs/toplevel.vhf sub00/vhpl00 1443599959
AR half_add behavioral /home/l2/deplechin/Documents/Archi_tp/TP3_additionneurs/half_add.vhf sub00/vhpl05 1443599978
AR obuf8_mxilinx_toplevel behavioral /home/l2/deplechin/Documents/Archi_tp/TP3_additionneurs/toplevel.vhf sub00/vhpl23 1443599958
EN toplevel NULL /home/l2/deplechin/Documents/Archi_tp/TP3_additionneurs/toplevel.vhf sub00/vhpl02 1443599965
EN add1bit_muser_toplevel NULL /home/l2/deplechin/Documents/Archi_tp/TP3_additionneurs/toplevel.vhf sub00/vhpl06 1443599961
EN half_add_muser_add1bit NULL /home/l2/deplechin/Documents/Archi_tp/TP3_additionneurs/add1bit.vhf sub00/vhpl08 1443599973
EN add4bits_muser_toplevel NULL /home/l2/deplechin/Documents/Archi_tp/TP3_additionneurs/toplevel.vhf sub00/vhpl12 1443599963
AR half_add_muser_add4bits behavioral /home/l2/deplechin/Documents/Archi_tp/TP3_additionneurs/add4bits.vhf sub00/vhpl15 1443599968
AR half_add_muser_toplevel behavioral /home/l2/deplechin/Documents/Archi_tp/TP3_additionneurs/toplevel.vhf sub00/vhpl01 1443599960
AR add4bits_muser_toplevel behavioral /home/l2/deplechin/Documents/Archi_tp/TP3_additionneurs/toplevel.vhf sub00/vhpl13 1443599964
EN half_add NULL /home/l2/deplechin/Documents/Archi_tp/TP3_additionneurs/half_add.vhf sub00/vhpl04 1443599977
AR add4bits behavioral /home/l2/deplechin/Documents/Archi_tp/TP3_additionneurs/add4bits.vhf sub00/vhpl19 1443599972
AR toplevel behavioral /home/l2/deplechin/Documents/Archi_tp/TP3_additionneurs/toplevel.vhf sub00/vhpl03 1443599966
EN add1bit NULL /home/l2/deplechin/Documents/Archi_tp/TP3_additionneurs/add1bit.vhf sub00/vhpl10 1443599975
AR add1bit behavioral /home/l2/deplechin/Documents/Archi_tp/TP3_additionneurs/add1bit.vhf sub00/vhpl11 1443599976
AR x7seg behavioral /home/l2/deplechin/Documents/Archi_tp/TP3_additionneurs/x7seg.vhd sub00/vhpl21 1443599956
EN half_add_muser_add4bits NULL /home/l2/deplechin/Documents/Archi_tp/TP3_additionneurs/add4bits.vhf sub00/vhpl14 1443599967
EN add4bits NULL /home/l2/deplechin/Documents/Archi_tp/TP3_additionneurs/add4bits.vhf sub00/vhpl18 1443599971
