V3 42
FL /home/l2/deplechin/Documents/Archi_tp/TP3_additionneurs/add1bit.vhf 2015/09/30.08:46:06 M.81d
EN work/half_add_MUSER_add1bit 1443599973 \
      FL /home/l2/deplechin/Documents/Archi_tp/TP3_additionneurs/add1bit.vhf \
      PB ieee/std_logic_1164 1290154108 PB ieee/NUMERIC_STD 1290154109 LB UNISIM \
      PH unisim/VCOMPONENTS 1290154108
AR work/half_add_MUSER_add1bit/BEHAVIORAL 1443599974 \
      FL /home/l2/deplechin/Documents/Archi_tp/TP3_additionneurs/add1bit.vhf \
      EN work/half_add_MUSER_add1bit 1443599973 CP AND2 CP XOR2
EN work/add1bit 1443599975 \
      FL /home/l2/deplechin/Documents/Archi_tp/TP3_additionneurs/add1bit.vhf \
      PB ieee/std_logic_1164 1290154108 PB ieee/NUMERIC_STD 1290154109 LB UNISIM \
      PH unisim/VCOMPONENTS 1290154108
AR work/add1bit/BEHAVIORAL 1443599976 \
      FL /home/l2/deplechin/Documents/Archi_tp/TP3_additionneurs/add1bit.vhf \
      EN work/add1bit 1443599975 CP half_add_MUSER_add1bit CP OR2
FL /home/l2/deplechin/Documents/Archi_tp/TP3_additionneurs/add4bits.vhf 2015/09/30.09:21:53 M.81d
EN work/half_add_MUSER_add4bits 1443599967 \
      FL /home/l2/deplechin/Documents/Archi_tp/TP3_additionneurs/add4bits.vhf \
      PB ieee/std_logic_1164 1290154108 PB ieee/NUMERIC_STD 1290154109 LB UNISIM \
      PH unisim/VCOMPONENTS 1290154108
AR work/half_add_MUSER_add4bits/BEHAVIORAL 1443599968 \
      FL /home/l2/deplechin/Documents/Archi_tp/TP3_additionneurs/add4bits.vhf \
      EN work/half_add_MUSER_add4bits 1443599967 CP AND2 CP XOR2
EN work/add1bit_MUSER_add4bits 1443599969 \
      FL /home/l2/deplechin/Documents/Archi_tp/TP3_additionneurs/add4bits.vhf \
      PB ieee/std_logic_1164 1290154108 PB ieee/NUMERIC_STD 1290154109 LB UNISIM \
      PH unisim/VCOMPONENTS 1290154108
AR work/add1bit_MUSER_add4bits/BEHAVIORAL 1443599970 \
      FL /home/l2/deplechin/Documents/Archi_tp/TP3_additionneurs/add4bits.vhf \
      EN work/add1bit_MUSER_add4bits 1443599969 CP half_add_MUSER_add4bits CP OR2
EN work/add4bits 1443599971 \
      FL /home/l2/deplechin/Documents/Archi_tp/TP3_additionneurs/add4bits.vhf \
      PB ieee/std_logic_1164 1290154108 PB ieee/NUMERIC_STD 1290154109 LB UNISIM \
      PH unisim/VCOMPONENTS 1290154108
AR work/add4bits/BEHAVIORAL 1443599972 \
      FL /home/l2/deplechin/Documents/Archi_tp/TP3_additionneurs/add4bits.vhf \
      EN work/add4bits 1443599971 CP half_add_MUSER_add4bits \
      CP add1bit_MUSER_add4bits
FL /home/l2/deplechin/Documents/Archi_tp/TP3_additionneurs/half_add.vhf 2015/09/30.08:21:12 M.81d
EN work/half_add 1443599977 \
      FL /home/l2/deplechin/Documents/Archi_tp/TP3_additionneurs/half_add.vhf \
      PB ieee/std_logic_1164 1290154108 PB ieee/NUMERIC_STD 1290154109 LB UNISIM \
      PH unisim/VCOMPONENTS 1290154108
AR work/half_add/BEHAVIORAL 1443599978 \
      FL /home/l2/deplechin/Documents/Archi_tp/TP3_additionneurs/half_add.vhf \
      EN work/half_add 1443599977 CP AND2 CP XOR2
FL /home/l2/deplechin/Documents/Archi_tp/TP3_additionneurs/toplevel.vhf 2015/09/30.09:57:17 M.81d
EN work/OBUF8_MXILINX_toplevel 1443599957 \
      FL /home/l2/deplechin/Documents/Archi_tp/TP3_additionneurs/toplevel.vhf \
      PB ieee/std_logic_1164 1290154108 PB ieee/NUMERIC_STD 1290154109 LB UNISIM \
      PH unisim/VCOMPONENTS 1290154108
AR work/OBUF8_MXILINX_toplevel/BEHAVIORAL 1443599958 \
      FL /home/l2/deplechin/Documents/Archi_tp/TP3_additionneurs/toplevel.vhf \
      EN work/OBUF8_MXILINX_toplevel 1443599957 CP OBUF
EN work/half_add_MUSER_toplevel 1443599959 \
      FL /home/l2/deplechin/Documents/Archi_tp/TP3_additionneurs/toplevel.vhf \
      PB ieee/std_logic_1164 1290154108 PB ieee/NUMERIC_STD 1290154109 LB UNISIM \
      PH unisim/VCOMPONENTS 1290154108
AR work/half_add_MUSER_toplevel/BEHAVIORAL 1443599960 \
      FL /home/l2/deplechin/Documents/Archi_tp/TP3_additionneurs/toplevel.vhf \
      EN work/half_add_MUSER_toplevel 1443599959 CP AND2 CP XOR2
EN work/add1bit_MUSER_toplevel 1443599961 \
      FL /home/l2/deplechin/Documents/Archi_tp/TP3_additionneurs/toplevel.vhf \
      PB ieee/std_logic_1164 1290154108 PB ieee/NUMERIC_STD 1290154109 LB UNISIM \
      PH unisim/VCOMPONENTS 1290154108
AR work/add1bit_MUSER_toplevel/BEHAVIORAL 1443599962 \
      FL /home/l2/deplechin/Documents/Archi_tp/TP3_additionneurs/toplevel.vhf \
      EN work/add1bit_MUSER_toplevel 1443599961 CP half_add_MUSER_toplevel CP OR2
EN work/add4bits_MUSER_toplevel 1443599963 \
      FL /home/l2/deplechin/Documents/Archi_tp/TP3_additionneurs/toplevel.vhf \
      PB ieee/std_logic_1164 1290154108 PB ieee/NUMERIC_STD 1290154109 LB UNISIM \
      PH unisim/VCOMPONENTS 1290154108
AR work/add4bits_MUSER_toplevel/BEHAVIORAL 1443599964 \
      FL /home/l2/deplechin/Documents/Archi_tp/TP3_additionneurs/toplevel.vhf \
      EN work/add4bits_MUSER_toplevel 1443599963 CP half_add_MUSER_toplevel \
      CP add1bit_MUSER_toplevel
EN work/toplevel 1443599965 \
      FL /home/l2/deplechin/Documents/Archi_tp/TP3_additionneurs/toplevel.vhf \
      PB ieee/std_logic_1164 1290154108 PB ieee/NUMERIC_STD 1290154109 LB UNISIM \
      PH unisim/VCOMPONENTS 1290154108
AR work/toplevel/BEHAVIORAL 1443599966 \
      FL /home/l2/deplechin/Documents/Archi_tp/TP3_additionneurs/toplevel.vhf \
      EN work/toplevel 1443599965 CP add4bits_MUSER_toplevel CP x7seg \
      CP OBUF8_MXILINX_toplevel
FL /home/l2/deplechin/Documents/Archi_tp/TP3_additionneurs/x7seg.vhd 2015/09/30.09:59:09 M.81d
EN work/x7seg 1443599955 \
      FL /home/l2/deplechin/Documents/Archi_tp/TP3_additionneurs/x7seg.vhd \
      PB ieee/std_logic_1164 1290154108
AR work/x7seg/Behavioral 1443599956 \
      FL /home/l2/deplechin/Documents/Archi_tp/TP3_additionneurs/x7seg.vhd \
      EN work/x7seg 1443599955
